Name	Number of nodes	Number of edges	Number of connected components	Density	Max degree	Median degree	Max diameter	Average path length	Nodes in prize	Nodes in sources	Nodes in targets	Nodes in active	Nodes in dummy	Parameter combination
test/analysis/input/egfr/tps-egfr-domino-params-V3X4RW7_pathway.txt	48	45	3	0.0398936170212766	5	2.0	16	3.882808476926124	27	0	27	27	0	{'module_threshold': 0.05, 'slice_threshold': 0.3}
test/analysis/input/egfr/tps-egfr-meo-params-GKEDDFZ_pathway.txt	1877	12845	1	0.007295700506524384	469	6.0	6	2.7973618474338107	621	1	620	621	1	{'max_path_length': 3, 'local_search': True, 'rand_restarts': 10}
test/analysis/input/egfr/tps-egfr-omicsintegrator1-params-3THRXWW_pathway.txt	28	20	8	0.05291005291005291	4	1.0	5	1.306439393939394	28	1	27	28	1	{'dummy_mode': 'file', 'mu_squared': False, 'exclude_terms': False, 'noisy_edges': 0, 'shuffled_prizes': 0, 'random_terminals': 0, 'seed': None, 'w': 0.1, 'b': 10.0, 'd': 10, 'mu': 0.008, 'noise': None, 'g': 0.001, 'r': 0.01}
test/analysis/input/egfr/tps-egfr-omicsintegrator1-params-5QH767V_pathway.txt	39	31	8	0.04183535762483131	6	1.0	5	1.5084498834498834	39	1	38	39	1	{'dummy_mode': 'file', 'mu_squared': False, 'exclude_terms': False, 'noisy_edges': 0, 'shuffled_prizes': 0, 'random_terminals': 0, 'seed': None, 'w': 0.1, 'b': 2.0, 'd': 10, 'mu': 0.008, 'noise': None, 'g': 0.001, 'r': 0.01}
test/analysis/input/egfr/tps-egfr-omicsintegrator1-params-ITO5EQS_pathway.txt	14	9	5	0.0989010989010989	4	1.0	2	1.1866666666666668	14	0	14	14	0	{'dummy_mode': 'file', 'mu_squared': False, 'exclude_terms': False, 'noisy_edges': 0, 'shuffled_prizes': 0, 'random_terminals': 0, 'seed': None, 'w': 0.1, 'b': 0.55, 'd': 10, 'mu': 0.008, 'noise': None, 'g': 0.001, 'r': 0.01}
test/analysis/input/egfr/tps-egfr-omicsintegrator2-params-EHHWPMD_pathway.txt	593	591	2	0.0033669841848593955	32	1.0	30	6.72248989073389	531	1	530	531	1	{'w': 5.0, 'b': 4.0, 'g': 0.0, 'noise': None, 'noisy_edges': None, 'random_terminals': None, 'dummy_mode': None, 'seed': None}
test/analysis/input/egfr/tps-egfr-omicsintegrator2-params-IV3IPCJ_pathway.txt	704	702	2	0.002836867968446916	35	1.0	24	6.038766691954387	616	1	615	616	1	{'w': 5.0, 'b': 2.0, 'g': 3.0, 'noise': None, 'noisy_edges': None, 'random_terminals': None, 'dummy_mode': None, 'seed': None}
test/analysis/input/egfr/tps-egfr-pathlinker-params-7S4SLU6_pathway.txt	14	17	1	0.18681318681318682	6	2.0	7	2.857142857142857	6	1	5	6	1	{'k': 10}
test/analysis/input/egfr/tps-egfr-pathlinker-params-TCEMRS7_pathway.txt	25	32	1	0.10666666666666667	8	2.0	7	3.486666666666667	11	1	10	11	1	{'k': 20}
