Node	Score
A	0.321229089672757
C	0.24396106359378425
E	0.21206998743770886
B	0.1142253832416095
D	0.10851447605414039
