datapoint_labels	PC1	PC2
test-data-s1	-2.0066502104820323	-0.9865875190637746
test-data-s2	-1.5276508866841985	1.0799457247533233
test-data-s3	3.5343010971662308	-0.09335820568954915
centroid	0.0	-1.6190752442450199e-16
