ID_interactor_A	ppi	ID_interactor_B
ENSG0test_A	ppi	ENSG0B
ENSG0B	ppi	ENSG0C
