Node	Score
A	0.32384402678489604
C	0.24316175317121075
E	0.22749257483815752
B	0.11108216475037477
D	0.09441948045536093
