	A	B	C	D
A	0.0	0.0	16.0	16.0
B	0.0	0.0	16.0	16.0
C	16.0	16.0	0.0	0.0
D	16.0	16.0	0.0	0.0
