Node	max_freq
C	0.75
E	0.75
D	0.75
F	0.75
A	0.5
B	0.5
L	0.5
M	0.5
O	0.25
P	0.25
N	0.25
Q	0.25
