Threshold	Precision	Recall	Average_Precison	Baseline_Precision
None	None	None	None	None
