Algorithm	Threshold	Precision	Recall	Average_Precison	Baseline_Precision
