#Interactor1	Interactor2	Weight
test_A	B	0.98
B	C	0.77
