Node	Score
C	0.45223350636731136
E	0.1921988728212533
B	0.1921988728212533
D	0.16336874799018208
A	0.0
