Node	Score
C	0.4164497171247451
E	0.1978133496120127
B	0.1978133496120127
D	0.18792358365122955
A	0.0
