Node1	Node2	Rank	Direction
S1	A	1	U
S1	B	1	U
A	E	1	U
A	F	1	U
E	T1	1	U
T1	F	1	U
F	T2	1	U
F	B	1	U
B	S2	1	U
S2	T3	1	U
