Node1	Node2   Rank    Direction
A	D   1   U
A	B   1   U
C	F   1   U
B	C   1   U
F	G   1   U
G	I   1   U
G	H   1   U
