Node1	Node2	Rank	Direction
A	B	1	U
B	C	1	U
A	D	1	U
C	D	1	U
C	E	1	U
C	F	1	U
