Node1	Node2	Rank	Direction
GENEA	GENEC	1	D
GENEC	GENEB	1	D
