Node1	Node2	Rank	Direction
A	C	1	D
A	C	1	U
C	D	1	U
