Node1	Node2	Rank	Direction
S2	T3	1	D
A	E	2	D
S1	A	2	D
E	T1	2	D
B	F	3	D
F	T2	3	D
S2	B	3	D
C	F	4	D
S2	C	4	D
C	G	5	D
G	T2	5	D
G	T3	6	D
E	F	7	D
B	C	8	D
F	E	11	D
G	F	13	D
F	A	16	D
