Node1	Node2	Rank	Direction
B	C	1	U
C	E	1	U
C	D	1	U
