A	B	0.98	U
B	C	0.77	U
A	D	0.12	U
C	D	0.89	U
C	E	0.59	U
C	F	0.5	U
F	G	0.76	U
G	H	0.92	U
G	I	0.66	U
