protein1	protein2	weight	directionality
test_A	B	0.98	U
B	C	0.77	U
